# box3d 9f998c8 playground
# The physics playgrounds' determinism hashes: RAE_PHYSICS_DETERMINISM=120
# (lib/physicsScenes scenes, 120 fixed steps, a ball thrown at step 60),
# scene name and transform hash. 122_physics_playground_port (the Rae port)
# and 123_physics_playground_c (Box3D's C library, scalar and SIMD) must both
# print exactly these (compiler/tools/run_examples.sh).
pyramid 9655775241816131130
dominoes 12271566481117318340
bridge and chain 2655430391884538490
welded towers 17748187794634636492
rolling mesh 16449888021654994133
terrain walk 1327124867371539930
