# box3d 9f998c8 vehicle
# The vehicle examples' determinism hash: RAE_PHYSICS_DETERMINISM=300 (the
# Driving car on the course, driven by the autopilot for 300 fixed steps).
# 124_vehicle_port (the Rae port) and 125_vehicle_c (Box3D's C library) must
# both print exactly this (compiler/tools/run_examples.sh).
vehicle 2172812023941841874
